C51 COMPILER V9.60.7.0   KEY                                                               04/06/2024 23:11:24 PAGE 1   


C51 COMPILER V9.60.7.0, COMPILATION OF MODULE KEY
OBJECT MODULE PLACED IN .\Objects\key.obj
COMPILER INVOKED BY: D:\Program Files\ARM\Core\C51\BIN\C51.EXE ..\HardWare\key.c OPTIMIZE(8,SPEED) BROWSE INCDIR(..\Hard
                    -Ware) DEBUG OBJECTEXTEND PRINT(.\Listings\key.lst) TABS(2) OBJECT(.\Objects\key.obj)

line level    source

   1          #include "key.h"
   2          
   3          sbit C1 = P4 ^ 4;
   4          sbit C2 = P4 ^ 2;
   5          sbit C3 = P3 ^ 5;
   6          sbit C4 = P3 ^ 4;
   7          
   8          sbit L1 = P3 ^ 0;
   9          sbit L2 = P3 ^ 1;
  10          sbit L3 = P3 ^ 2;
  11          sbit L4 = P3 ^ 3;
  12          
  13          unsigned char Key_Scan()
  14          {
  15   1          unsigned char temp = 0;
  16   1          C1 = 0;
  17   1          C2 = C3 = C4 = 1;
  18   1          L1 = L2 = L3 = L4 = 1;
  19   1          if (L1 == 0)
  20   1              temp = 7;
  21   1          if (L2 == 0)
  22   1              temp = 6;
  23   1          if (L3 == 0)
  24   1              temp = 5;
  25   1          if (L4 == 0)
  26   1              temp = 4;
  27   1          C1 = 0;
  28   1          C2 = C3 = C4 = 1;
  29   1          L1 = L2 = L3 = L4 = 1;
  30   1          if (L1 == 0)
  31   1              temp = 7;
  32   1          if (L2 == 0)
  33   1              temp = 6;
  34   1          if (L3 == 0)
  35   1              temp = 5;
  36   1          if (L4 == 0)
  37   1              temp = 4;
  38   1          C2 = 0;
  39   1          C1 = C3 = C4 = 1;
  40   1          L1 = L2 = L3 = L4 = 1;
  41   1          if (L1 == 0)
  42   1              temp = 11;
  43   1          if (L2 == 0)
  44   1              temp = 10;
  45   1          if (L3 == 0)
  46   1              temp = 9;
  47   1          if (L4 == 0)
  48   1              temp = 8;
  49   1          C3 = 0;
  50   1          C2 = C1 = C4 = 1;
  51   1          L1 = L2 = L3 = L4 = 1;
  52   1          if (L1 == 0)
  53   1              temp = 15;
  54   1          if (L2 == 0)
C51 COMPILER V9.60.7.0   KEY                                                               04/06/2024 23:11:24 PAGE 2   

  55   1              temp = 14;
  56   1          if (L3 == 0)
  57   1              temp = 13;
  58   1          if (L4 == 0)
  59   1              temp = 12;
  60   1          C4 = 0;
  61   1          C2 = C1 = C3 = 1;
  62   1          L1 = L2 = L3 = L4 = 1;
  63   1          if (L1 == 0)
  64   1              temp = 19;
  65   1          if (L2 == 0)
  66   1              temp = 18;
  67   1          if (L3 == 0)
  68   1              temp = 17;
  69   1          if (L4 == 0)
  70   1              temp = 16;
  71   1          return temp;
  72   1      }


MODULE INFORMATION:   STATIC OVERLAYABLE
   CODE SIZE        =    183    ----
   CONSTANT SIZE    =   ----    ----
   XDATA SIZE       =   ----    ----
   PDATA SIZE       =   ----    ----
   DATA SIZE        =   ----    ----
   IDATA SIZE       =   ----    ----
   BIT SIZE         =   ----    ----
END OF MODULE INFORMATION.


C51 COMPILATION COMPLETE.  0 WARNING(S),  0 ERROR(S)
