C51 COMPILER V9.60.7.0   KEY                                                               04/02/2024 23:19:58 PAGE 1   


C51 COMPILER V9.60.7.0, COMPILATION OF MODULE KEY
OBJECT MODULE PLACED IN .\Objects\key.obj
COMPILER INVOKED BY: D:\Program Files\ARM\Core\C51\BIN\C51.EXE ..\HardWare\key.c OPTIMIZE(8,SPEED) BROWSE INCDIR(..\Hard
                    -Ware) DEBUG OBJECTEXTEND PRINT(.\Listings\key.lst) TABS(2) OBJECT(.\Objects\key.obj)

line level    source

   1          #include "key.h"
   2          
   3          sbit C1 = P4 ^ 4;
   4          sbit C2 = P4 ^ 2;
   5          sbit C3 = P3 ^ 5;
   6          sbit C4 = P3 ^ 4;
   7          
   8          sbit L1 = P3 ^ 0;
   9          sbit L2 = P3 ^ 1;
  10          sbit L3 = P3 ^ 2;
  11          sbit L4 = P3 ^ 3;
  12          
  13          unsigned char Key_Scan_Matrix()
  14          {
  15   1          unsigned char temp;
  16   1          C1 = 0;
  17   1          C2 = C3 = C4 = 1;
  18   1          L1 = L2 = L3 = L4 = 1;
  19   1          if (L1 == 0)temp = 7;
  20   1          if (L2 == 0)temp = 6;
  21   1          if (L3 == 0)temp = 5;
  22   1          if (L4 == 0)temp = 4;
  23   1          C2 = 0;
  24   1          C1 = C3 = C4 = 1;
  25   1          L1 = L2 = L3 = L4 = 1;
  26   1          if (L1 == 0)temp = 11;
  27   1          if (L2 == 0)temp = 10;
  28   1          if (L3 == 0)temp = 9;
  29   1          if (L4 == 0)temp = 8;
  30   1          C3 = 0;
  31   1          C2 = C1 = C4 = 1;
  32   1          L1 = L2 = L3 = L4 = 1;
  33   1          if (L1 == 0)temp = 15;
  34   1          if (L2 == 0)temp = 14;
  35   1          if (L3 == 0)temp = 13;
  36   1          if (L4 == 0)temp = 12;
  37   1          C4 = 0;
  38   1          C2 = C3 = C1 = 1;
  39   1          L1 = L2 = L3 = L4 = 1;
  40   1          if (L1 == 0)temp = 19;
  41   1          if (L2 == 0)temp = 18;
  42   1          if (L3 == 0)temp = 17;
  43   1          if (L4 == 0)temp = 16;
  44   1          //P3 = 0xFF;
  45   1          return temp;
  46   1      }


MODULE INFORMATION:   STATIC OVERLAYABLE
   CODE SIZE        =    145    ----
   CONSTANT SIZE    =   ----    ----
   XDATA SIZE       =   ----    ----
   PDATA SIZE       =   ----    ----
   DATA SIZE        =   ----    ----
C51 COMPILER V9.60.7.0   KEY                                                               04/02/2024 23:19:58 PAGE 2   

   IDATA SIZE       =   ----    ----
   BIT SIZE         =   ----    ----
END OF MODULE INFORMATION.


C51 COMPILATION COMPLETE.  0 WARNING(S),  0 ERROR(S)
